Process 54109 exited: 0
Process 54111 exited: 0
Process 54113 exited: 0
Process 54115 exited: 0
