Process 54119 exited: 0
Process 54121 exited: 0
Process 54123 exited: 0
Process 54125 exited: 0
Process 54127 exited: 0
Process 54129 exited: 0
