Process 54133 exited: 0
Process 54136 exited: 1
Process 54138 exited: 0
Process 54140 exited: 0
Process 54143 exited: 0
Process 54145 exited: 1
Process 54148 exited: 0
Process 54151 exited: 0
Process 54153 exited: 0
Process 54157 exited: 0
Process 54159 exited: 0
