Process 54165 exited: 0
Process 54167 exited: 0
Process 54169 exited: 0
Process 54173 exited: 0
Process 54175 exited: 0
Process 54179 exited: 0
Process 54183 exited: 0
