Spawned child process 54187
Process 54188 exited: 0
Process 54191 exited: 0
Process 54196 exited: 0
Process 54198 exited: 0
Spawned child process 54200
Process 54201 exited: 0
Process 54201 exited: 0
Process 54201 exited: 0
